AutoDock Vina v1.2.7
#################################################################
# If you used AutoDock Vina in your work, please cite:          #
#                                                               #
# J. Eberhardt, D. Santos-Martins, A. F. Tillack, and S. Forli  #
# AutoDock Vina 1.2.0: New Docking Methods, Expanded Force      #
# Field, and Python Bindings, J. Chem. Inf. Model. (2021)       #
# DOI 10.1021/acs.jcim.1c00203                                  #
#                                                               #
# O. Trott, A. J. Olson,                                        #
# AutoDock Vina: improving the speed and accuracy of docking    #
# with a new scoring function, efficient optimization and       #
# multithreading, J. Comp. Chem. (2010)                         #
# DOI 10.1002/jcc.21334                                         #
#                                                               #
# Please see https://github.com/ccsb-scripps/AutoDock-Vina for  #
# more information.                                             #
#################################################################

Scoring function : vina
Rigid receptor: /tmp/apodock001-v11-src/runs/apodock001-v1.1/prepared/APD-008/receptor.pdbqt
Ligand: /tmp/apodock001-v11-src/runs/apodock001-v1.1/prepared/APD-008/ligand.pdbqt
Grid center: X 28.3356 Y -0.787185 Z 49.7313
Grid size  : X 20 Y 21.0555 Z 20
Grid space : 0.375
Exhaustiveness: 32
CPU: 1
Verbosity: 1

Computing Vina grid ... done.
Performing docking (random seed: 42) ... 
0%   10   20   30   40   50   60   70   80   90   100%
|----|----|----|----|----|----|----|----|----|----|
***************************************************

mode |   affinity | dist from best mode
     | (kcal/mol) | rmsd l.b.| rmsd u.b.
-----+------------+----------+----------
   1       -6.837          0          0
   2       -6.749      2.293      3.437
   3       -6.651      10.21      12.91
   4       -6.611      3.379      6.692
   5       -6.553      8.776      10.71
   6       -6.547      6.455      8.506
   7       -6.513      3.567      6.934
   8       -6.484       3.25      5.473
   9       -6.456      2.798      4.226
  10       -6.411      1.562      2.648
  11       -6.405      2.505      4.175
  12       -6.375      2.415      4.092
  13       -6.285      1.929      2.448
  14       -6.284      5.117      7.202
  15       -6.222      3.768      6.906
  16       -6.193       1.95      3.006
  17       -6.184      3.227      6.549
  18       -6.159      3.154      5.797
  19       -6.109      2.539      3.515
  20         -6.1      4.224      6.805
