AutoDock Vina v1.2.7
#################################################################
# If you used AutoDock Vina in your work, please cite:          #
#                                                               #
# J. Eberhardt, D. Santos-Martins, A. F. Tillack, and S. Forli  #
# AutoDock Vina 1.2.0: New Docking Methods, Expanded Force      #
# Field, and Python Bindings, J. Chem. Inf. Model. (2021)       #
# DOI 10.1021/acs.jcim.1c00203                                  #
#                                                               #
# O. Trott, A. J. Olson,                                        #
# AutoDock Vina: improving the speed and accuracy of docking    #
# with a new scoring function, efficient optimization and       #
# multithreading, J. Comp. Chem. (2010)                         #
# DOI 10.1002/jcc.21334                                         #
#                                                               #
# Please see https://github.com/ccsb-scripps/AutoDock-Vina for  #
# more information.                                             #
#################################################################

Scoring function : vina
Rigid receptor: /tmp/apodock001-v11-src/runs/apodock001-v1.1/prepared/APD-002/receptor.pdbqt
Ligand: /tmp/apodock001-v11-src/runs/apodock001-v1.1/prepared/APD-002/ligand.pdbqt
Grid center: X 57.0812 Y 17.4753 Z -0.65703
Grid size  : X 20 Y 21.5179 Z 20.9023
Grid space : 0.375
Exhaustiveness: 32
CPU: 1
Verbosity: 1

Computing Vina grid ... done.
Performing docking (random seed: 42) ... 
0%   10   20   30   40   50   60   70   80   90   100%
|----|----|----|----|----|----|----|----|----|----|
***************************************************

mode |   affinity | dist from best mode
     | (kcal/mol) | rmsd l.b.| rmsd u.b.
-----+------------+----------+----------
   1       -7.278          0          0
   2       -7.213      6.096      7.882
   3       -7.186      5.943      7.749
   4       -7.141      5.923      7.968
   5       -7.071      2.869      4.634
   6        -7.03      6.276      9.275
   7       -6.964      4.195      7.664
   8       -6.917      6.042      8.027
   9       -6.897      4.448      6.182
  10       -6.849      5.181      7.409
  11       -6.843      6.096      9.129
  12       -6.767      5.518      7.309
  13       -6.755      3.989      7.311
  14       -6.724      7.456      10.96
  15       -6.713      3.888      8.163
  16       -6.693      5.179      8.003
  17       -6.691      5.155      7.044
  18       -6.583      5.963      8.249
  19       -6.572      6.816      8.839
  20       -6.483      6.309      9.484
