AutoDock Vina v1.2.7
#################################################################
# If you used AutoDock Vina in your work, please cite:          #
#                                                               #
# J. Eberhardt, D. Santos-Martins, A. F. Tillack, and S. Forli  #
# AutoDock Vina 1.2.0: New Docking Methods, Expanded Force      #
# Field, and Python Bindings, J. Chem. Inf. Model. (2021)       #
# DOI 10.1021/acs.jcim.1c00203                                  #
#                                                               #
# O. Trott, A. J. Olson,                                        #
# AutoDock Vina: improving the speed and accuracy of docking    #
# with a new scoring function, efficient optimization and       #
# multithreading, J. Comp. Chem. (2010)                         #
# DOI 10.1002/jcc.21334                                         #
#                                                               #
# Please see https://github.com/ccsb-scripps/AutoDock-Vina for  #
# more information.                                             #
#################################################################

Scoring function : vina
Rigid receptor: /tmp/apodock001-v11-src/runs/apodock001-v1.1/prepared/APD-004/receptor.pdbqt
Ligand: /tmp/apodock001-v11-src/runs/apodock001-v1.1/prepared/APD-004/ligand.pdbqt
Grid center: X 63.2011 Y 28.4857 Z 7.85028
Grid size  : X 20 Y 20 Z 20
Grid space : 0.375
Exhaustiveness: 32
CPU: 1
Verbosity: 1

Computing Vina grid ... done.
Performing docking (random seed: 42) ... 
0%   10   20   30   40   50   60   70   80   90   100%
|----|----|----|----|----|----|----|----|----|----|
***************************************************

mode |   affinity | dist from best mode
     | (kcal/mol) | rmsd l.b.| rmsd u.b.
-----+------------+----------+----------
   1       -4.772          0          0
   2       -4.621      1.523      2.891
   3       -4.552      1.173      3.134
   4        -4.54      2.298      4.311
   5       -4.417      1.351      2.708
   6       -4.417      1.874      3.285
   7       -4.396      2.647      4.396
   8       -4.389      1.852      2.857
   9       -4.382      1.793      2.105
  10       -4.321      1.885       3.48
  11       -4.314      10.02      11.33
  12       -4.255      3.206      4.815
  13        -4.25      1.674      1.979
  14       -4.242      2.094      3.589
  15       -4.229      2.368      3.435
  16       -4.214      3.658      5.454
  17       -4.113      2.367      3.918
  18       -4.064      3.113      4.332
  19       -4.054      1.886       3.62
  20       -4.043      1.758      3.855
