AutoDock Vina v1.2.7
#################################################################
# If you used AutoDock Vina in your work, please cite:          #
#                                                               #
# J. Eberhardt, D. Santos-Martins, A. F. Tillack, and S. Forli  #
# AutoDock Vina 1.2.0: New Docking Methods, Expanded Force      #
# Field, and Python Bindings, J. Chem. Inf. Model. (2021)       #
# DOI 10.1021/acs.jcim.1c00203                                  #
#                                                               #
# O. Trott, A. J. Olson,                                        #
# AutoDock Vina: improving the speed and accuracy of docking    #
# with a new scoring function, efficient optimization and       #
# multithreading, J. Comp. Chem. (2010)                         #
# DOI 10.1002/jcc.21334                                         #
#                                                               #
# Please see https://github.com/ccsb-scripps/AutoDock-Vina for  #
# more information.                                             #
#################################################################

Scoring function : vina
Rigid receptor: /tmp/apodock001-v11-src/runs/apodock001-v1.1/prepared/APD-009/receptor.pdbqt
Ligand: /tmp/apodock001-v11-src/runs/apodock001-v1.1/prepared/APD-009/ligand.pdbqt
Grid center: X 47.6037 Y 10.9779 Z 26.3586
Grid size  : X 20 Y 20 Z 20
Grid space : 0.375
Exhaustiveness: 32
CPU: 1
Verbosity: 1

Computing Vina grid ... done.
Performing docking (random seed: 42) ... 
0%   10   20   30   40   50   60   70   80   90   100%
|----|----|----|----|----|----|----|----|----|----|
***************************************************

mode |   affinity | dist from best mode
     | (kcal/mol) | rmsd l.b.| rmsd u.b.
-----+------------+----------+----------
   1       -5.886          0          0
   2       -5.804      1.035      3.557
   3        -5.62        1.3      3.107
   4       -5.587      1.197      2.202
   5       -5.531      1.134      2.893
   6       -5.446      1.585      3.086
   7       -5.422      1.527       3.37
   8       -5.313      1.909      3.948
   9        -5.31      1.201      2.995
  10         -5.3      1.465      2.575
  11       -5.259      1.216      3.725
  12       -5.229      1.427      3.467
  13       -5.212      1.889      3.246
  14       -5.209      1.615      3.786
  15       -5.194      1.476       2.63
  16        -5.16      1.156      3.646
  17       -5.068      1.595      3.789
  18       -5.049      1.477      3.067
  19       -5.026      1.627      2.343
  20        -4.96      1.255      2.698
