AutoDock Vina v1.2.7
#################################################################
# If you used AutoDock Vina in your work, please cite:          #
#                                                               #
# J. Eberhardt, D. Santos-Martins, A. F. Tillack, and S. Forli  #
# AutoDock Vina 1.2.0: New Docking Methods, Expanded Force      #
# Field, and Python Bindings, J. Chem. Inf. Model. (2021)       #
# DOI 10.1021/acs.jcim.1c00203                                  #
#                                                               #
# O. Trott, A. J. Olson,                                        #
# AutoDock Vina: improving the speed and accuracy of docking    #
# with a new scoring function, efficient optimization and       #
# multithreading, J. Comp. Chem. (2010)                         #
# DOI 10.1002/jcc.21334                                         #
#                                                               #
# Please see https://github.com/ccsb-scripps/AutoDock-Vina for  #
# more information.                                             #
#################################################################

Scoring function : vina
Rigid receptor: /tmp/apodock001-v11-src/runs/apodock001-v1.1/prepared/APD-001/receptor.pdbqt
Ligand: /tmp/apodock001-v11-src/runs/apodock001-v1.1/prepared/APD-001/ligand.pdbqt
Grid center: X 0.428054 Y 48.6964 Z 10.4241
Grid size  : X 20 Y 20 Z 20
Grid space : 0.375
Exhaustiveness: 32
CPU: 1
Verbosity: 1

Computing Vina grid ... done.
Performing docking (random seed: 42) ... 
0%   10   20   30   40   50   60   70   80   90   100%
|----|----|----|----|----|----|----|----|----|----|
***************************************************

mode |   affinity | dist from best mode
     | (kcal/mol) | rmsd l.b.| rmsd u.b.
-----+------------+----------+----------
   1       -5.668          0          0
   2        -5.54      4.932      7.181
   3       -5.476      4.409      6.473
   4       -5.386      4.604      6.653
   5       -5.337       1.64      1.666
   6       -5.297      1.629      4.625
   7       -5.143      4.319      5.813
   8       -5.132      4.419      5.065
   9       -5.122      2.843      3.656
  10       -5.108      4.827      5.574
  11       -5.098      4.171      5.287
  12        -5.09      3.692      4.172
  13       -5.057      1.896      4.242
  14       -5.049      3.472       5.02
  15       -5.022      3.853      4.727
  16       -5.001      2.906      3.707
  17       -4.983      4.303      6.533
  18       -4.976      4.354      5.738
  19       -4.969      3.841      5.836
  20       -4.839      3.587      4.767
