AutoDock Vina v1.2.7
#################################################################
# If you used AutoDock Vina in your work, please cite:          #
#                                                               #
# J. Eberhardt, D. Santos-Martins, A. F. Tillack, and S. Forli  #
# AutoDock Vina 1.2.0: New Docking Methods, Expanded Force      #
# Field, and Python Bindings, J. Chem. Inf. Model. (2021)       #
# DOI 10.1021/acs.jcim.1c00203                                  #
#                                                               #
# O. Trott, A. J. Olson,                                        #
# AutoDock Vina: improving the speed and accuracy of docking    #
# with a new scoring function, efficient optimization and       #
# multithreading, J. Comp. Chem. (2010)                         #
# DOI 10.1002/jcc.21334                                         #
#                                                               #
# Please see https://github.com/ccsb-scripps/AutoDock-Vina for  #
# more information.                                             #
#################################################################

Scoring function : vina
Rigid receptor: /workspace/runs/apodock001-v1.0.2/prepared/APD-002/receptor.pdbqt
Ligand: /workspace/runs/apodock001-v1.0.2/prepared/APD-002/ligand.pdbqt
Grid center: X 57.0812 Y 17.4753 Z -0.65703
Grid size  : X 20 Y 21.5179 Z 20.9023
Grid space : 0.375
Exhaustiveness: 16
CPU: 1
Verbosity: 1

Computing Vina grid ... done.
Performing docking (random seed: 42) ... 
0%   10   20   30   40   50   60   70   80   90   100%
|----|----|----|----|----|----|----|----|----|----|
***************************************************

mode |   affinity | dist from best mode
     | (kcal/mol) | rmsd l.b.| rmsd u.b.
-----+------------+----------+----------
   1       -7.266          0          0
   2         -7.2       5.94      7.723
   3       -7.085      2.848      4.628
   4       -7.018       6.08      8.363
   5       -6.978      4.189      7.657
   6       -6.916       3.99      5.571
   7        -6.91      5.593      7.156
   8       -6.863      5.174      7.382
   9       -6.738      7.396      10.91
  10       -6.727      3.889      8.167
  11       -6.722      6.186      8.112
  12       -6.705      5.153      7.041
  13       -6.612      6.569      8.617
  14       -6.602      4.638      8.287
  15       -6.597      5.934      8.199
  16       -6.514      1.739      2.581
  17       -6.475      2.832      4.627
  18       -6.446      3.886      8.393
  19       -6.444      5.922      7.898
  20       -6.404      5.292      7.153
