AutoDock Vina v1.2.7
#################################################################
# If you used AutoDock Vina in your work, please cite:          #
#                                                               #
# J. Eberhardt, D. Santos-Martins, A. F. Tillack, and S. Forli  #
# AutoDock Vina 1.2.0: New Docking Methods, Expanded Force      #
# Field, and Python Bindings, J. Chem. Inf. Model. (2021)       #
# DOI 10.1021/acs.jcim.1c00203                                  #
#                                                               #
# O. Trott, A. J. Olson,                                        #
# AutoDock Vina: improving the speed and accuracy of docking    #
# with a new scoring function, efficient optimization and       #
# multithreading, J. Comp. Chem. (2010)                         #
# DOI 10.1002/jcc.21334                                         #
#                                                               #
# Please see https://github.com/ccsb-scripps/AutoDock-Vina for  #
# more information.                                             #
#################################################################

Scoring function : vina
Rigid receptor: /workspace/runs/apodock001-v1.0.2/prepared/APD-008/receptor.pdbqt
Ligand: /workspace/runs/apodock001-v1.0.2/prepared/APD-008/ligand.pdbqt
Grid center: X 28.3356 Y -0.787185 Z 49.7313
Grid size  : X 20 Y 21.0555 Z 20
Grid space : 0.375
Exhaustiveness: 16
CPU: 1
Verbosity: 1

Computing Vina grid ... done.
Performing docking (random seed: 42) ... 
0%   10   20   30   40   50   60   70   80   90   100%
|----|----|----|----|----|----|----|----|----|----|
***************************************************

mode |   affinity | dist from best mode
     | (kcal/mol) | rmsd l.b.| rmsd u.b.
-----+------------+----------+----------
   1       -6.827          0          0
   2       -6.744       2.28      3.393
   3       -6.688       10.2      12.94
   4       -6.606      3.392      6.686
   5       -6.544      8.844      10.86
   6       -6.529      6.428      8.485
   7       -6.508      3.561      6.925
   8       -6.479      3.226      5.465
   9       -6.394      2.749      4.189
  10        -6.37      2.397      4.066
  11       -6.279      5.113      7.232
  12       -6.188      1.943      2.988
  13       -6.179      3.209      6.521
  14       -6.154      3.129      5.759
  15        -6.12      4.388      6.617
  16       -6.104      2.509      3.473
  17       -6.094      4.221       6.82
  18        -6.01      5.055      7.096
  19       -5.972      7.435      9.732
  20       -5.887      4.238       6.92
