AutoDock Vina v1.2.7
#################################################################
# If you used AutoDock Vina in your work, please cite:          #
#                                                               #
# J. Eberhardt, D. Santos-Martins, A. F. Tillack, and S. Forli  #
# AutoDock Vina 1.2.0: New Docking Methods, Expanded Force      #
# Field, and Python Bindings, J. Chem. Inf. Model. (2021)       #
# DOI 10.1021/acs.jcim.1c00203                                  #
#                                                               #
# O. Trott, A. J. Olson,                                        #
# AutoDock Vina: improving the speed and accuracy of docking    #
# with a new scoring function, efficient optimization and       #
# multithreading, J. Comp. Chem. (2010)                         #
# DOI 10.1002/jcc.21334                                         #
#                                                               #
# Please see https://github.com/ccsb-scripps/AutoDock-Vina for  #
# more information.                                             #
#################################################################

Scoring function : vina
Rigid receptor: /tmp/apodock001-v11-src/runs/apodock001-v1.1/prepared/APD-003/receptor.pdbqt
Ligand: /tmp/apodock001-v11-src/runs/apodock001-v1.1/prepared/APD-003/ligand.pdbqt
Grid center: X 6.086 Y 17.6188 Z 21.0703
Grid size  : X 20 Y 20 Z 20
Grid space : 0.375
Exhaustiveness: 32
CPU: 1
Verbosity: 1

Computing Vina grid ... done.
Performing docking (random seed: 42) ... 
0%   10   20   30   40   50   60   70   80   90   100%
|----|----|----|----|----|----|----|----|----|----|
***************************************************

mode |   affinity | dist from best mode
     | (kcal/mol) | rmsd l.b.| rmsd u.b.
-----+------------+----------+----------
   1       -5.115          0          0
   2       -4.949      1.928      3.218
   3       -4.948      1.467      3.414
   4       -4.917        2.1      4.207
   5       -4.884      2.236      3.949
   6       -4.822      2.159      3.904
   7       -4.817      2.433      3.753
   8       -4.789      1.435      2.917
   9       -4.727      2.042      3.429
  10       -4.674      1.879      4.141
  11       -4.657       2.69      4.358
  12       -4.635          2      3.158
  13        -4.63      1.888      3.354
  14       -4.606      6.899       8.27
  15       -4.596      6.931      8.395
  16       -4.576      9.856      11.95
  17       -4.568      3.636      4.746
  18       -4.552      4.345      5.894
  19       -4.536       6.82      9.088
  20       -4.506      2.128       4.33
