AutoDock Vina v1.2.7
#################################################################
# If you used AutoDock Vina in your work, please cite:          #
#                                                               #
# J. Eberhardt, D. Santos-Martins, A. F. Tillack, and S. Forli  #
# AutoDock Vina 1.2.0: New Docking Methods, Expanded Force      #
# Field, and Python Bindings, J. Chem. Inf. Model. (2021)       #
# DOI 10.1021/acs.jcim.1c00203                                  #
#                                                               #
# O. Trott, A. J. Olson,                                        #
# AutoDock Vina: improving the speed and accuracy of docking    #
# with a new scoring function, efficient optimization and       #
# multithreading, J. Comp. Chem. (2010)                         #
# DOI 10.1002/jcc.21334                                         #
#                                                               #
# Please see https://github.com/ccsb-scripps/AutoDock-Vina for  #
# more information.                                             #
#################################################################

Scoring function : vina
Rigid receptor: /workspace/runs/apodock001-v1.0.2/prepared/APD-005/receptor.pdbqt
Ligand: /workspace/runs/apodock001-v1.0.2/prepared/APD-005/ligand.pdbqt
Grid center: X 35.4588 Y -0.872165 Z 6.95129
Grid size  : X 20 Y 20 Z 20
Grid space : 0.375
Exhaustiveness: 16
CPU: 1
Verbosity: 1

Computing Vina grid ... done.
Performing docking (random seed: 42) ... 
0%   10   20   30   40   50   60   70   80   90   100%
|----|----|----|----|----|----|----|----|----|----|
***************************************************

mode |   affinity | dist from best mode
     | (kcal/mol) | rmsd l.b.| rmsd u.b.
-----+------------+----------+----------
   1       -5.169          0          0
   2       -5.135     0.1783       1.41
   3       -4.997       3.67      5.006
   4       -4.956      3.456      4.828
   5       -4.922      1.823      2.589
   6       -4.902      3.269      5.067
   7       -4.841      1.353      2.031
   8       -4.711      3.496      4.486
   9       -4.672      2.062      2.217
  10       -4.644      2.751      3.432
  11       -4.621      3.063      5.069
  12       -4.572       11.7      12.84
  13       -4.546        1.8      2.126
  14       -4.514      11.52       12.8
  15        -4.47      11.41      12.58
  16        -4.39      2.939      5.019
  17        -4.39      11.46      12.66
  18       -4.346      2.777      3.309
  19        -4.28      2.425      3.359
  20       -4.236      12.35      13.36
