AutoDock Vina v1.2.7
#################################################################
# If you used AutoDock Vina in your work, please cite:          #
#                                                               #
# J. Eberhardt, D. Santos-Martins, A. F. Tillack, and S. Forli  #
# AutoDock Vina 1.2.0: New Docking Methods, Expanded Force      #
# Field, and Python Bindings, J. Chem. Inf. Model. (2021)       #
# DOI 10.1021/acs.jcim.1c00203                                  #
#                                                               #
# O. Trott, A. J. Olson,                                        #
# AutoDock Vina: improving the speed and accuracy of docking    #
# with a new scoring function, efficient optimization and       #
# multithreading, J. Comp. Chem. (2010)                         #
# DOI 10.1002/jcc.21334                                         #
#                                                               #
# Please see https://github.com/ccsb-scripps/AutoDock-Vina for  #
# more information.                                             #
#################################################################

Scoring function : vina
Rigid receptor: /workspace/runs/apodock001-v1.0.2/prepared/APD-010/receptor.pdbqt
Ligand: /workspace/runs/apodock001-v1.0.2/prepared/APD-010/ligand.pdbqt
Grid center: X -33.4088 Y 7.41146 Z -14.9904
Grid size  : X 20.7155 Y 20 Z 20
Grid space : 0.375
Exhaustiveness: 16
CPU: 1
Verbosity: 1

Computing Vina grid ... done.
Performing docking (random seed: 42) ... 
0%   10   20   30   40   50   60   70   80   90   100%
|----|----|----|----|----|----|----|----|----|----|
***************************************************

mode |   affinity | dist from best mode
     | (kcal/mol) | rmsd l.b.| rmsd u.b.
-----+------------+----------+----------
   1       -7.289          0          0
   2       -7.282       1.01      2.786
   3       -7.028      1.355      2.943
   4       -6.961      1.231      6.365
   5       -6.824      1.605      3.916
   6       -6.777       1.48      5.912
   7       -6.641      1.754      3.139
   8       -6.562      1.406      6.441
   9       -6.537      1.422      5.987
  10       -6.447      3.215      6.528
  11       -6.412      1.246      1.753
  12       -6.286      3.664      7.175
  13       -6.279      3.945      6.792
  14       -6.101      1.643      6.133
  15       -6.083      4.213      6.248
  16       -6.073      4.629      7.023
  17       -6.028      3.906      7.119
  18           -6      3.703      6.062
  19       -5.951      3.171      5.617
  20       -5.935       2.27      6.733
