AutoDock Vina v1.2.7
#################################################################
# If you used AutoDock Vina in your work, please cite:          #
#                                                               #
# J. Eberhardt, D. Santos-Martins, A. F. Tillack, and S. Forli  #
# AutoDock Vina 1.2.0: New Docking Methods, Expanded Force      #
# Field, and Python Bindings, J. Chem. Inf. Model. (2021)       #
# DOI 10.1021/acs.jcim.1c00203                                  #
#                                                               #
# O. Trott, A. J. Olson,                                        #
# AutoDock Vina: improving the speed and accuracy of docking    #
# with a new scoring function, efficient optimization and       #
# multithreading, J. Comp. Chem. (2010)                         #
# DOI 10.1002/jcc.21334                                         #
#                                                               #
# Please see https://github.com/ccsb-scripps/AutoDock-Vina for  #
# more information.                                             #
#################################################################

Scoring function : vina
Rigid receptor: /workspace/runs/apodock001-v1.0.2/prepared/APD-009/receptor.pdbqt
Ligand: /workspace/runs/apodock001-v1.0.2/prepared/APD-009/ligand.pdbqt
Grid center: X 47.6037 Y 10.9779 Z 26.3586
Grid size  : X 20 Y 20 Z 20
Grid space : 0.375
Exhaustiveness: 16
CPU: 1
Verbosity: 1

Computing Vina grid ... done.
Performing docking (random seed: 42) ... 
0%   10   20   30   40   50   60   70   80   90   100%
|----|----|----|----|----|----|----|----|----|----|
***************************************************

mode |   affinity | dist from best mode
     | (kcal/mol) | rmsd l.b.| rmsd u.b.
-----+------------+----------+----------
   1       -5.886          0          0
   2       -5.821      1.069      3.568
   3       -5.651       1.29      3.132
   4       -5.611       1.31      2.387
   5        -5.53      1.126      2.892
   6       -5.443      1.588       3.09
   7       -5.422      1.527       3.37
   8       -5.313      1.909      3.948
   9        -5.31      1.201      2.995
  10         -5.3      1.465      2.575
  11       -5.259      1.216      3.725
  12       -5.229      1.427      3.467
  13       -5.212      1.889      3.246
  14       -5.068      1.595      3.789
  15       -5.049      1.477      3.067
  16       -5.026      1.627      2.343
  17       -4.985      1.548      2.699
  18        -4.96      1.255      2.698
  19        -4.91     0.9646      3.464
  20       -4.818      1.975      3.627
